MPLINK 5.09, LINKER
Linker Map File - Created Sun Jan 16 17:16:37 2022

                                 Section Info
                  Section       Type    Address   Location Size(Bytes)
                ---------  ---------  ---------  ---------  ---------
                   .org_0       code   0x000000    program   0x00009e
                   .cinit    romdata   0x00004f    program   0x000004
.config_2007_BUILD/DEFAULT/PRODUCTION/MAIN.O       code   0x002007    program   0x000002



                              Program Memory Usage 
                               Start         End      
                           ---------   ---------      
                            0x000000    0x000050      
                            0x002007    0x002007      
            82 out of 8454 program addresses used, program memory utilization is 0%



                              Symbols - Sorted by Name
                     Name    Address   Location    Storage File                     
                ---------  ---------  ---------  --------- ---------                
             _.org_0_0020   0x000020    program     static D:\OneDrive - UFSC\Academico\UFSC\Aulas\6 - MpMc\Exercicio-carrinho\software\carrinho.X\main.asm
             _.org_0_0021   0x000021    program     static D:\OneDrive - UFSC\Academico\UFSC\Aulas\6 - MpMc\Exercicio-carrinho\software\carrinho.X\main.asm
             _.org_0_0023   0x000023    program     static D:\OneDrive - UFSC\Academico\UFSC\Aulas\6 - MpMc\Exercicio-carrinho\software\carrinho.X\main.asm
             _.org_0_0024   0x000024    program     static D:\OneDrive - UFSC\Academico\UFSC\Aulas\6 - MpMc\Exercicio-carrinho\software\carrinho.X\main.asm
             _.org_0_002A   0x00002a    program     static D:\OneDrive - UFSC\Academico\UFSC\Aulas\6 - MpMc\Exercicio-carrinho\software\carrinho.X\main.asm
             _.org_0_002B   0x00002b    program     static D:\OneDrive - UFSC\Academico\UFSC\Aulas\6 - MpMc\Exercicio-carrinho\software\carrinho.X\main.asm
             _.org_0_002D   0x00002d    program     static D:\OneDrive - UFSC\Academico\UFSC\Aulas\6 - MpMc\Exercicio-carrinho\software\carrinho.X\main.asm
             _.org_0_002E   0x00002e    program     static D:\OneDrive - UFSC\Academico\UFSC\Aulas\6 - MpMc\Exercicio-carrinho\software\carrinho.X\main.asm
             _.org_0_0035   0x000035    program     static D:\OneDrive - UFSC\Academico\UFSC\Aulas\6 - MpMc\Exercicio-carrinho\software\carrinho.X\main.asm
             _.org_0_0036   0x000036    program     static D:\OneDrive - UFSC\Academico\UFSC\Aulas\6 - MpMc\Exercicio-carrinho\software\carrinho.X\main.asm
             _.org_0_0040   0x000040    program     static D:\OneDrive - UFSC\Academico\UFSC\Aulas\6 - MpMc\Exercicio-carrinho\software\carrinho.X\main.asm
             _.org_0_0041   0x000041    program     static D:\OneDrive - UFSC\Academico\UFSC\Aulas\6 - MpMc\Exercicio-carrinho\software\carrinho.X\main.asm
             _.org_0_0043   0x000043    program     static D:\OneDrive - UFSC\Academico\UFSC\Aulas\6 - MpMc\Exercicio-carrinho\software\carrinho.X\main.asm
             _.org_0_0044   0x000044    program     static D:\OneDrive - UFSC\Academico\UFSC\Aulas\6 - MpMc\Exercicio-carrinho\software\carrinho.X\main.asm
     delay_cinco_segundos   0x000019    program     static D:\OneDrive - UFSC\Academico\UFSC\Aulas\6 - MpMc\Exercicio-carrinho\software\carrinho.X\main.asm
            delay_segundo   0x00000b    program     static D:\OneDrive - UFSC\Academico\UFSC\Aulas\6 - MpMc\Exercicio-carrinho\software\carrinho.X\main.asm
                   denovo   0x00000f    program     static D:\OneDrive - UFSC\Academico\UFSC\Aulas\6 - MpMc\Exercicio-carrinho\software\carrinho.X\main.asm
                  denovo2   0x00000d    program     static D:\OneDrive - UFSC\Academico\UFSC\Aulas\6 - MpMc\Exercicio-carrinho\software\carrinho.X\main.asm
                   inicio   0x000001    program     static D:\OneDrive - UFSC\Academico\UFSC\Aulas\6 - MpMc\Exercicio-carrinho\software\carrinho.X\main.asm
                     loop   0x00004a    program     static D:\OneDrive - UFSC\Academico\UFSC\Aulas\6 - MpMc\Exercicio-carrinho\software\carrinho.X\main.asm
           verifica_btn_m   0x00003f    program     static D:\OneDrive - UFSC\Academico\UFSC\Aulas\6 - MpMc\Exercicio-carrinho\software\carrinho.X\main.asm
          verifica_sens_a   0x00001f    program     static D:\OneDrive - UFSC\Academico\UFSC\Aulas\6 - MpMc\Exercicio-carrinho\software\carrinho.X\main.asm
          verifica_sens_b   0x000029    program     static D:\OneDrive - UFSC\Academico\UFSC\Aulas\6 - MpMc\Exercicio-carrinho\software\carrinho.X\main.asm
          verifica_sens_p   0x000034    program     static D:\OneDrive - UFSC\Academico\UFSC\Aulas\6 - MpMc\Exercicio-carrinho\software\carrinho.X\main.asm
                    volta   0x000011    program     static D:\OneDrive - UFSC\Academico\UFSC\Aulas\6 - MpMc\Exercicio-carrinho\software\carrinho.X\main.asm



                              Symbols - Sorted by Address
                     Name    Address   Location    Storage File                     
                ---------  ---------  ---------  --------- ---------                
                   inicio   0x000001    program     static D:\OneDrive - UFSC\Academico\UFSC\Aulas\6 - MpMc\Exercicio-carrinho\software\carrinho.X\main.asm
            delay_segundo   0x00000b    program     static D:\OneDrive - UFSC\Academico\UFSC\Aulas\6 - MpMc\Exercicio-carrinho\software\carrinho.X\main.asm
                  denovo2   0x00000d    program     static D:\OneDrive - UFSC\Academico\UFSC\Aulas\6 - MpMc\Exercicio-carrinho\software\carrinho.X\main.asm
                   denovo   0x00000f    program     static D:\OneDrive - UFSC\Academico\UFSC\Aulas\6 - MpMc\Exercicio-carrinho\software\carrinho.X\main.asm
                    volta   0x000011    program     static D:\OneDrive - UFSC\Academico\UFSC\Aulas\6 - MpMc\Exercicio-carrinho\software\carrinho.X\main.asm
     delay_cinco_segundos   0x000019    program     static D:\OneDrive - UFSC\Academico\UFSC\Aulas\6 - MpMc\Exercicio-carrinho\software\carrinho.X\main.asm
          verifica_sens_a   0x00001f    program     static D:\OneDrive - UFSC\Academico\UFSC\Aulas\6 - MpMc\Exercicio-carrinho\software\carrinho.X\main.asm
             _.org_0_0020   0x000020    program     static D:\OneDrive - UFSC\Academico\UFSC\Aulas\6 - MpMc\Exercicio-carrinho\software\carrinho.X\main.asm
             _.org_0_0021   0x000021    program     static D:\OneDrive - UFSC\Academico\UFSC\Aulas\6 - MpMc\Exercicio-carrinho\software\carrinho.X\main.asm
             _.org_0_0023   0x000023    program     static D:\OneDrive - UFSC\Academico\UFSC\Aulas\6 - MpMc\Exercicio-carrinho\software\carrinho.X\main.asm
             _.org_0_0024   0x000024    program     static D:\OneDrive - UFSC\Academico\UFSC\Aulas\6 - MpMc\Exercicio-carrinho\software\carrinho.X\main.asm
          verifica_sens_b   0x000029    program     static D:\OneDrive - UFSC\Academico\UFSC\Aulas\6 - MpMc\Exercicio-carrinho\software\carrinho.X\main.asm
             _.org_0_002A   0x00002a    program     static D:\OneDrive - UFSC\Academico\UFSC\Aulas\6 - MpMc\Exercicio-carrinho\software\carrinho.X\main.asm
             _.org_0_002B   0x00002b    program     static D:\OneDrive - UFSC\Academico\UFSC\Aulas\6 - MpMc\Exercicio-carrinho\software\carrinho.X\main.asm
             _.org_0_002D   0x00002d    program     static D:\OneDrive - UFSC\Academico\UFSC\Aulas\6 - MpMc\Exercicio-carrinho\software\carrinho.X\main.asm
             _.org_0_002E   0x00002e    program     static D:\OneDrive - UFSC\Academico\UFSC\Aulas\6 - MpMc\Exercicio-carrinho\software\carrinho.X\main.asm
          verifica_sens_p   0x000034    program     static D:\OneDrive - UFSC\Academico\UFSC\Aulas\6 - MpMc\Exercicio-carrinho\software\carrinho.X\main.asm
             _.org_0_0035   0x000035    program     static D:\OneDrive - UFSC\Academico\UFSC\Aulas\6 - MpMc\Exercicio-carrinho\software\carrinho.X\main.asm
             _.org_0_0036   0x000036    program     static D:\OneDrive - UFSC\Academico\UFSC\Aulas\6 - MpMc\Exercicio-carrinho\software\carrinho.X\main.asm
           verifica_btn_m   0x00003f    program     static D:\OneDrive - UFSC\Academico\UFSC\Aulas\6 - MpMc\Exercicio-carrinho\software\carrinho.X\main.asm
             _.org_0_0040   0x000040    program     static D:\OneDrive - UFSC\Academico\UFSC\Aulas\6 - MpMc\Exercicio-carrinho\software\carrinho.X\main.asm
             _.org_0_0041   0x000041    program     static D:\OneDrive - UFSC\Academico\UFSC\Aulas\6 - MpMc\Exercicio-carrinho\software\carrinho.X\main.asm
             _.org_0_0043   0x000043    program     static D:\OneDrive - UFSC\Academico\UFSC\Aulas\6 - MpMc\Exercicio-carrinho\software\carrinho.X\main.asm
             _.org_0_0044   0x000044    program     static D:\OneDrive - UFSC\Academico\UFSC\Aulas\6 - MpMc\Exercicio-carrinho\software\carrinho.X\main.asm
                     loop   0x00004a    program     static D:\OneDrive - UFSC\Academico\UFSC\Aulas\6 - MpMc\Exercicio-carrinho\software\carrinho.X\main.asm


