MPLINK 5.09, LINKER
Linker Map File - Created Mon Nov 29 11:36:42 2021

                                 Section Info
                  Section       Type    Address   Location Size(Bytes)
                ---------  ---------  ---------  ---------  ---------
                   .org_0       code   0x000000    program   0x00004c
                   .cinit    romdata   0x000026    program   0x000004
.config_2007_BUILD/DEFAULT/PRODUCTION/MAIN.O       code   0x002007    program   0x000002



                              Program Memory Usage 
                               Start         End      
                           ---------   ---------      
                            0x000000    0x000027      
                            0x002007    0x002007      
            41 out of 8454 program addresses used, program memory utilization is 0%



                              Symbols - Sorted by Name
                     Name    Address   Location    Storage File                     
                ---------  ---------  ---------  --------- ---------                
             _.org_0_001D   0x00001d    program     static D:\OneDrive - UFSC\Academico\UFSC\Aulas\6 - MpMc\Exercicio Botão\software\Botao-Pisca.X\main.asm
                    blink   0x00001f    program     static D:\OneDrive - UFSC\Academico\UFSC\Aulas\6 - MpMc\Exercicio Botão\software\Botao-Pisca.X\main.asm
                 delay_ms   0x000017    program     static D:\OneDrive - UFSC\Academico\UFSC\Aulas\6 - MpMc\Exercicio Botão\software\Botao-Pisca.X\main.asm
                   inicio   0x000001    program     static D:\OneDrive - UFSC\Academico\UFSC\Aulas\6 - MpMc\Exercicio Botão\software\Botao-Pisca.X\main.asm
                     loop   0x000023    program     static D:\OneDrive - UFSC\Academico\UFSC\Aulas\6 - MpMc\Exercicio Botão\software\Botao-Pisca.X\main.asm



                              Symbols - Sorted by Address
                     Name    Address   Location    Storage File                     
                ---------  ---------  ---------  --------- ---------                
                   inicio   0x000001    program     static D:\OneDrive - UFSC\Academico\UFSC\Aulas\6 - MpMc\Exercicio Botão\software\Botao-Pisca.X\main.asm
                 delay_ms   0x000017    program     static D:\OneDrive - UFSC\Academico\UFSC\Aulas\6 - MpMc\Exercicio Botão\software\Botao-Pisca.X\main.asm
             _.org_0_001D   0x00001d    program     static D:\OneDrive - UFSC\Academico\UFSC\Aulas\6 - MpMc\Exercicio Botão\software\Botao-Pisca.X\main.asm
                    blink   0x00001f    program     static D:\OneDrive - UFSC\Academico\UFSC\Aulas\6 - MpMc\Exercicio Botão\software\Botao-Pisca.X\main.asm
                     loop   0x000023    program     static D:\OneDrive - UFSC\Academico\UFSC\Aulas\6 - MpMc\Exercicio Botão\software\Botao-Pisca.X\main.asm


