MPLINK 5.09, LINKER
Linker Map File - Created Mon Dec 13 11:08:42 2021

                                 Section Info
                  Section       Type    Address   Location Size(Bytes)
                ---------  ---------  ---------  ---------  ---------
                   .org_0       code   0x000000    program   0x000114
                   .cinit    romdata   0x00008a    program   0x000004
.config_2007_BUILD/DEFAULT/PRODUCTION/MAIN.O       code   0x002007    program   0x000002



                              Program Memory Usage 
                               Start         End      
                           ---------   ---------      
                            0x000000    0x00008b      
                            0x002007    0x002007      
            141 out of 8454 program addresses used, program memory utilization is 1%



                              Symbols - Sorted by Name
                     Name    Address   Location    Storage File                     
                ---------  ---------  ---------  --------- ---------                
             _.org_0_004F   0x00004f    program     static D:\OneDrive - UFSC\Academico\UFSC\Aulas\6 - MpMc\contador_7seg\software\Contador-7seg-memoria.X\main.asm
             _.org_0_0051   0x000051    program     static D:\OneDrive - UFSC\Academico\UFSC\Aulas\6 - MpMc\contador_7seg\software\Contador-7seg-memoria.X\main.asm
             _.org_0_0070   0x000070    program     static D:\OneDrive - UFSC\Academico\UFSC\Aulas\6 - MpMc\contador_7seg\software\Contador-7seg-memoria.X\main.asm
             _.org_0_0071   0x000071    program     static D:\OneDrive - UFSC\Academico\UFSC\Aulas\6 - MpMc\contador_7seg\software\Contador-7seg-memoria.X\main.asm
      decrementa_contador   0x00005d    program     static D:\OneDrive - UFSC\Academico\UFSC\Aulas\6 - MpMc\contador_7seg\software\Contador-7seg-memoria.X\main.asm
        decrementa_dezena   0x000031    program     static D:\OneDrive - UFSC\Academico\UFSC\Aulas\6 - MpMc\contador_7seg\software\Contador-7seg-memoria.X\main.asm
       decrementa_unidade   0x00002e    program     static D:\OneDrive - UFSC\Academico\UFSC\Aulas\6 - MpMc\contador_7seg\software\Contador-7seg-memoria.X\main.asm
                 delay_ms   0x00004a    program     static D:\OneDrive - UFSC\Academico\UFSC\Aulas\6 - MpMc\contador_7seg\software\Contador-7seg-memoria.X\main.asm
      incrementa_contador   0x000056    program     static D:\OneDrive - UFSC\Academico\UFSC\Aulas\6 - MpMc\contador_7seg\software\Contador-7seg-memoria.X\main.asm
        incrementa_dezena   0x00003e    program     static D:\OneDrive - UFSC\Academico\UFSC\Aulas\6 - MpMc\contador_7seg\software\Contador-7seg-memoria.X\main.asm
                   inicio   0x000001    program     static D:\OneDrive - UFSC\Academico\UFSC\Aulas\6 - MpMc\contador_7seg\software\Contador-7seg-memoria.X\main.asm
                     loop   0x00007c    program     static D:\OneDrive - UFSC\Academico\UFSC\Aulas\6 - MpMc\contador_7seg\software\Contador-7seg-memoria.X\main.asm
    mostra_numero_display   0x000053    program     static D:\OneDrive - UFSC\Academico\UFSC\Aulas\6 - MpMc\contador_7seg\software\Contador-7seg-memoria.X\main.asm
                    pulse   0x00006b    program     static D:\OneDrive - UFSC\Academico\UFSC\Aulas\6 - MpMc\contador_7seg\software\Contador-7seg-memoria.X\main.asm
              save_number   0x000064    program     static D:\OneDrive - UFSC\Academico\UFSC\Aulas\6 - MpMc\contador_7seg\software\Contador-7seg-memoria.X\main.asm
         set_flag_unidade   0x00002b    program     static D:\OneDrive - UFSC\Academico\UFSC\Aulas\6 - MpMc\contador_7seg\software\Contador-7seg-memoria.X\main.asm
         verifica_dezena1   0x000042    program     static D:\OneDrive - UFSC\Academico\UFSC\Aulas\6 - MpMc\contador_7seg\software\Contador-7seg-memoria.X\main.asm
         verifica_dezena3   0x000046    program     static D:\OneDrive - UFSC\Academico\UFSC\Aulas\6 - MpMc\contador_7seg\software\Contador-7seg-memoria.X\main.asm
        verifica_unidade0   0x00001b    program     static D:\OneDrive - UFSC\Academico\UFSC\Aulas\6 - MpMc\contador_7seg\software\Contador-7seg-memoria.X\main.asm
        verifica_unidade1   0x00001f    program     static D:\OneDrive - UFSC\Academico\UFSC\Aulas\6 - MpMc\contador_7seg\software\Contador-7seg-memoria.X\main.asm
        verifica_unidade2   0x000023    program     static D:\OneDrive - UFSC\Academico\UFSC\Aulas\6 - MpMc\contador_7seg\software\Contador-7seg-memoria.X\main.asm
        verifica_unidade3   0x000027    program     static D:\OneDrive - UFSC\Academico\UFSC\Aulas\6 - MpMc\contador_7seg\software\Contador-7seg-memoria.X\main.asm



                              Symbols - Sorted by Address
                     Name    Address   Location    Storage File                     
                ---------  ---------  ---------  --------- ---------                
                   inicio   0x000001    program     static D:\OneDrive - UFSC\Academico\UFSC\Aulas\6 - MpMc\contador_7seg\software\Contador-7seg-memoria.X\main.asm
        verifica_unidade0   0x00001b    program     static D:\OneDrive - UFSC\Academico\UFSC\Aulas\6 - MpMc\contador_7seg\software\Contador-7seg-memoria.X\main.asm
        verifica_unidade1   0x00001f    program     static D:\OneDrive - UFSC\Academico\UFSC\Aulas\6 - MpMc\contador_7seg\software\Contador-7seg-memoria.X\main.asm
        verifica_unidade2   0x000023    program     static D:\OneDrive - UFSC\Academico\UFSC\Aulas\6 - MpMc\contador_7seg\software\Contador-7seg-memoria.X\main.asm
        verifica_unidade3   0x000027    program     static D:\OneDrive - UFSC\Academico\UFSC\Aulas\6 - MpMc\contador_7seg\software\Contador-7seg-memoria.X\main.asm
         set_flag_unidade   0x00002b    program     static D:\OneDrive - UFSC\Academico\UFSC\Aulas\6 - MpMc\contador_7seg\software\Contador-7seg-memoria.X\main.asm
       decrementa_unidade   0x00002e    program     static D:\OneDrive - UFSC\Academico\UFSC\Aulas\6 - MpMc\contador_7seg\software\Contador-7seg-memoria.X\main.asm
        decrementa_dezena   0x000031    program     static D:\OneDrive - UFSC\Academico\UFSC\Aulas\6 - MpMc\contador_7seg\software\Contador-7seg-memoria.X\main.asm
        incrementa_dezena   0x00003e    program     static D:\OneDrive - UFSC\Academico\UFSC\Aulas\6 - MpMc\contador_7seg\software\Contador-7seg-memoria.X\main.asm
         verifica_dezena1   0x000042    program     static D:\OneDrive - UFSC\Academico\UFSC\Aulas\6 - MpMc\contador_7seg\software\Contador-7seg-memoria.X\main.asm
         verifica_dezena3   0x000046    program     static D:\OneDrive - UFSC\Academico\UFSC\Aulas\6 - MpMc\contador_7seg\software\Contador-7seg-memoria.X\main.asm
                 delay_ms   0x00004a    program     static D:\OneDrive - UFSC\Academico\UFSC\Aulas\6 - MpMc\contador_7seg\software\Contador-7seg-memoria.X\main.asm
             _.org_0_004F   0x00004f    program     static D:\OneDrive - UFSC\Academico\UFSC\Aulas\6 - MpMc\contador_7seg\software\Contador-7seg-memoria.X\main.asm
             _.org_0_0051   0x000051    program     static D:\OneDrive - UFSC\Academico\UFSC\Aulas\6 - MpMc\contador_7seg\software\Contador-7seg-memoria.X\main.asm
    mostra_numero_display   0x000053    program     static D:\OneDrive - UFSC\Academico\UFSC\Aulas\6 - MpMc\contador_7seg\software\Contador-7seg-memoria.X\main.asm
      incrementa_contador   0x000056    program     static D:\OneDrive - UFSC\Academico\UFSC\Aulas\6 - MpMc\contador_7seg\software\Contador-7seg-memoria.X\main.asm
      decrementa_contador   0x00005d    program     static D:\OneDrive - UFSC\Academico\UFSC\Aulas\6 - MpMc\contador_7seg\software\Contador-7seg-memoria.X\main.asm
              save_number   0x000064    program     static D:\OneDrive - UFSC\Academico\UFSC\Aulas\6 - MpMc\contador_7seg\software\Contador-7seg-memoria.X\main.asm
                    pulse   0x00006b    program     static D:\OneDrive - UFSC\Academico\UFSC\Aulas\6 - MpMc\contador_7seg\software\Contador-7seg-memoria.X\main.asm
             _.org_0_0070   0x000070    program     static D:\OneDrive - UFSC\Academico\UFSC\Aulas\6 - MpMc\contador_7seg\software\Contador-7seg-memoria.X\main.asm
             _.org_0_0071   0x000071    program     static D:\OneDrive - UFSC\Academico\UFSC\Aulas\6 - MpMc\contador_7seg\software\Contador-7seg-memoria.X\main.asm
                     loop   0x00007c    program     static D:\OneDrive - UFSC\Academico\UFSC\Aulas\6 - MpMc\contador_7seg\software\Contador-7seg-memoria.X\main.asm


