MPLINK 5.09, LINKER
Linker Map File - Created Fri Dec 10 22:27:17 2021

                                 Section Info
                  Section       Type    Address   Location Size(Bytes)
                ---------  ---------  ---------  ---------  ---------
                   .org_0       code   0x000000    program   0x0000cc
                   .cinit    romdata   0x000066    program   0x000004
.config_2007_BUILD/DEFAULT/PRODUCTION/MAIN.O       code   0x002007    program   0x000002



                              Program Memory Usage 
                               Start         End      
                           ---------   ---------      
                            0x000000    0x000067      
                            0x002007    0x002007      
            105 out of 8454 program addresses used, program memory utilization is 1%



                              Symbols - Sorted by Name
                     Name    Address   Location    Storage File                     
                ---------  ---------  ---------  --------- ---------                
             _.org_0_0048   0x000048    program     static D:\OneDrive - UFSC\Academico\UFSC\Aulas\6 - MpMc\contador_7seg\software\Contador-7seg.X\main.asm
             _.org_0_004A   0x00004a    program     static D:\OneDrive - UFSC\Academico\UFSC\Aulas\6 - MpMc\contador_7seg\software\Contador-7seg.X\main.asm
      decrementa_contador   0x000056    program     static D:\OneDrive - UFSC\Academico\UFSC\Aulas\6 - MpMc\contador_7seg\software\Contador-7seg.X\main.asm
        decrementa_dezena   0x00002a    program     static D:\OneDrive - UFSC\Academico\UFSC\Aulas\6 - MpMc\contador_7seg\software\Contador-7seg.X\main.asm
       decrementa_unidade   0x000027    program     static D:\OneDrive - UFSC\Academico\UFSC\Aulas\6 - MpMc\contador_7seg\software\Contador-7seg.X\main.asm
                 delay_ms   0x000043    program     static D:\OneDrive - UFSC\Academico\UFSC\Aulas\6 - MpMc\contador_7seg\software\Contador-7seg.X\main.asm
      incrementa_contador   0x00004f    program     static D:\OneDrive - UFSC\Academico\UFSC\Aulas\6 - MpMc\contador_7seg\software\Contador-7seg.X\main.asm
        incrementa_dezena   0x000037    program     static D:\OneDrive - UFSC\Academico\UFSC\Aulas\6 - MpMc\contador_7seg\software\Contador-7seg.X\main.asm
                   inicio   0x000001    program     static D:\OneDrive - UFSC\Academico\UFSC\Aulas\6 - MpMc\contador_7seg\software\Contador-7seg.X\main.asm
                     loop   0x00005e    program     static D:\OneDrive - UFSC\Academico\UFSC\Aulas\6 - MpMc\contador_7seg\software\Contador-7seg.X\main.asm
    mostra_numero_display   0x00004c    program     static D:\OneDrive - UFSC\Academico\UFSC\Aulas\6 - MpMc\contador_7seg\software\Contador-7seg.X\main.asm
         set_flag_unidade   0x000024    program     static D:\OneDrive - UFSC\Academico\UFSC\Aulas\6 - MpMc\contador_7seg\software\Contador-7seg.X\main.asm
         verifica_dezena1   0x00003b    program     static D:\OneDrive - UFSC\Academico\UFSC\Aulas\6 - MpMc\contador_7seg\software\Contador-7seg.X\main.asm
         verifica_dezena3   0x00003f    program     static D:\OneDrive - UFSC\Academico\UFSC\Aulas\6 - MpMc\contador_7seg\software\Contador-7seg.X\main.asm
        verifica_unidade0   0x000014    program     static D:\OneDrive - UFSC\Academico\UFSC\Aulas\6 - MpMc\contador_7seg\software\Contador-7seg.X\main.asm
        verifica_unidade1   0x000018    program     static D:\OneDrive - UFSC\Academico\UFSC\Aulas\6 - MpMc\contador_7seg\software\Contador-7seg.X\main.asm
        verifica_unidade2   0x00001c    program     static D:\OneDrive - UFSC\Academico\UFSC\Aulas\6 - MpMc\contador_7seg\software\Contador-7seg.X\main.asm
        verifica_unidade3   0x000020    program     static D:\OneDrive - UFSC\Academico\UFSC\Aulas\6 - MpMc\contador_7seg\software\Contador-7seg.X\main.asm



                              Symbols - Sorted by Address
                     Name    Address   Location    Storage File                     
                ---------  ---------  ---------  --------- ---------                
                   inicio   0x000001    program     static D:\OneDrive - UFSC\Academico\UFSC\Aulas\6 - MpMc\contador_7seg\software\Contador-7seg.X\main.asm
        verifica_unidade0   0x000014    program     static D:\OneDrive - UFSC\Academico\UFSC\Aulas\6 - MpMc\contador_7seg\software\Contador-7seg.X\main.asm
        verifica_unidade1   0x000018    program     static D:\OneDrive - UFSC\Academico\UFSC\Aulas\6 - MpMc\contador_7seg\software\Contador-7seg.X\main.asm
        verifica_unidade2   0x00001c    program     static D:\OneDrive - UFSC\Academico\UFSC\Aulas\6 - MpMc\contador_7seg\software\Contador-7seg.X\main.asm
        verifica_unidade3   0x000020    program     static D:\OneDrive - UFSC\Academico\UFSC\Aulas\6 - MpMc\contador_7seg\software\Contador-7seg.X\main.asm
         set_flag_unidade   0x000024    program     static D:\OneDrive - UFSC\Academico\UFSC\Aulas\6 - MpMc\contador_7seg\software\Contador-7seg.X\main.asm
       decrementa_unidade   0x000027    program     static D:\OneDrive - UFSC\Academico\UFSC\Aulas\6 - MpMc\contador_7seg\software\Contador-7seg.X\main.asm
        decrementa_dezena   0x00002a    program     static D:\OneDrive - UFSC\Academico\UFSC\Aulas\6 - MpMc\contador_7seg\software\Contador-7seg.X\main.asm
        incrementa_dezena   0x000037    program     static D:\OneDrive - UFSC\Academico\UFSC\Aulas\6 - MpMc\contador_7seg\software\Contador-7seg.X\main.asm
         verifica_dezena1   0x00003b    program     static D:\OneDrive - UFSC\Academico\UFSC\Aulas\6 - MpMc\contador_7seg\software\Contador-7seg.X\main.asm
         verifica_dezena3   0x00003f    program     static D:\OneDrive - UFSC\Academico\UFSC\Aulas\6 - MpMc\contador_7seg\software\Contador-7seg.X\main.asm
                 delay_ms   0x000043    program     static D:\OneDrive - UFSC\Academico\UFSC\Aulas\6 - MpMc\contador_7seg\software\Contador-7seg.X\main.asm
             _.org_0_0048   0x000048    program     static D:\OneDrive - UFSC\Academico\UFSC\Aulas\6 - MpMc\contador_7seg\software\Contador-7seg.X\main.asm
             _.org_0_004A   0x00004a    program     static D:\OneDrive - UFSC\Academico\UFSC\Aulas\6 - MpMc\contador_7seg\software\Contador-7seg.X\main.asm
    mostra_numero_display   0x00004c    program     static D:\OneDrive - UFSC\Academico\UFSC\Aulas\6 - MpMc\contador_7seg\software\Contador-7seg.X\main.asm
      incrementa_contador   0x00004f    program     static D:\OneDrive - UFSC\Academico\UFSC\Aulas\6 - MpMc\contador_7seg\software\Contador-7seg.X\main.asm
      decrementa_contador   0x000056    program     static D:\OneDrive - UFSC\Academico\UFSC\Aulas\6 - MpMc\contador_7seg\software\Contador-7seg.X\main.asm
                     loop   0x00005e    program     static D:\OneDrive - UFSC\Academico\UFSC\Aulas\6 - MpMc\contador_7seg\software\Contador-7seg.X\main.asm


