MPLINK 5.09, LINKER
Linker Map File - Created Wed Dec 01 10:06:45 2021

                                 Section Info
                  Section       Type    Address   Location Size(Bytes)
                ---------  ---------  ---------  ---------  ---------
                   .org_0       code   0x000000    program   0x00004a
                   .cinit    romdata   0x000025    program   0x000004
.config_2007_BUILD/DEFAULT/PRODUCTION/MAIN.O       code   0x002007    program   0x000002



                              Program Memory Usage 
                               Start         End      
                           ---------   ---------      
                            0x000000    0x000026      
                            0x002007    0x002007      
            40 out of 8454 program addresses used, program memory utilization is 0%



                              Symbols - Sorted by Name
                     Name    Address   Location    Storage File                     
                ---------  ---------  ---------  --------- ---------                
             _.org_0_0017   0x000017    program     static D:\OneDrive - UFSC\Academico\UFSC\Aulas\6 - MpMc\Exercicio Prensa\Software\Prensa.X\main.asm
             _.org_0_0019   0x000019    program     static D:\OneDrive - UFSC\Academico\UFSC\Aulas\6 - MpMc\Exercicio Prensa\Software\Prensa.X\main.asm
                    blink   0x00001b    program     static D:\OneDrive - UFSC\Academico\UFSC\Aulas\6 - MpMc\Exercicio Prensa\Software\Prensa.X\main.asm
                 delay_ms   0x000012    program     static D:\OneDrive - UFSC\Academico\UFSC\Aulas\6 - MpMc\Exercicio Prensa\Software\Prensa.X\main.asm
                   inicio   0x000001    program     static D:\OneDrive - UFSC\Academico\UFSC\Aulas\6 - MpMc\Exercicio Prensa\Software\Prensa.X\main.asm
                     loop   0x000022    program     static D:\OneDrive - UFSC\Academico\UFSC\Aulas\6 - MpMc\Exercicio Prensa\Software\Prensa.X\main.asm
                 testSBtn   0x00001f    program     static D:\OneDrive - UFSC\Academico\UFSC\Aulas\6 - MpMc\Exercicio Prensa\Software\Prensa.X\main.asm



                              Symbols - Sorted by Address
                     Name    Address   Location    Storage File                     
                ---------  ---------  ---------  --------- ---------                
                   inicio   0x000001    program     static D:\OneDrive - UFSC\Academico\UFSC\Aulas\6 - MpMc\Exercicio Prensa\Software\Prensa.X\main.asm
                 delay_ms   0x000012    program     static D:\OneDrive - UFSC\Academico\UFSC\Aulas\6 - MpMc\Exercicio Prensa\Software\Prensa.X\main.asm
             _.org_0_0017   0x000017    program     static D:\OneDrive - UFSC\Academico\UFSC\Aulas\6 - MpMc\Exercicio Prensa\Software\Prensa.X\main.asm
             _.org_0_0019   0x000019    program     static D:\OneDrive - UFSC\Academico\UFSC\Aulas\6 - MpMc\Exercicio Prensa\Software\Prensa.X\main.asm
                    blink   0x00001b    program     static D:\OneDrive - UFSC\Academico\UFSC\Aulas\6 - MpMc\Exercicio Prensa\Software\Prensa.X\main.asm
                 testSBtn   0x00001f    program     static D:\OneDrive - UFSC\Academico\UFSC\Aulas\6 - MpMc\Exercicio Prensa\Software\Prensa.X\main.asm
                     loop   0x000022    program     static D:\OneDrive - UFSC\Academico\UFSC\Aulas\6 - MpMc\Exercicio Prensa\Software\Prensa.X\main.asm


